162.243.7.61 - - [30/Dec/2025:16:56:45 +0700] "GET /.env HTTP/1.1" 400 248 "-" "Mozilla/5.0; Keydrop.io/1.0(onlyscans.com/about);"
162.243.7.61 - - [30/Dec/2025:16:56:46 +0700] "GET /.git/config HTTP/1.1" 403 118 "-" "Mozilla/5.0; Keydrop.io/1.0(onlyscans.com/about);"
162.243.7.61 - - [30/Dec/2025:16:56:47 +0700] "GET /.git/config HTTP/1.1" 400 248 "-" "Mozilla/5.0; Keydrop.io/1.0(onlyscans.com/about);"
51.79.224.241 - - [30/Dec/2025:16:58:03 +0700] "GET /ISAPI/Security/capabilities HTTP/1.1" 404 118 "-" "Mozilla/5.0 (Windows NT 10.0; Win64; x64) AppleWebKit/537.36"
20.65.193.168 - - [30/Dec/2025:16:58:42 +0700] "GET /owa/auth/logon.aspx HTTP/1.1" 404 118 "-" "Mozilla/5.0 zgrab/0.x"
23.29.156.136 - - [30/Dec/2025:17:23:35 +0700] "GET / HTTP/1.1" 200 1568 "-" "Mozilla/5.0 (Windows NT 10.0; Win64; x64; rv:121.0) Gecko/20100101 Firefox/121.0"
23.29.156.136 - - [30/Dec/2025:17:23:36 +0700] "POST / HTTP/1.1" 405 552 "-" "Mozilla/5.0 (Macintosh; Intel Mac OS X 10_15_7) AppleWebKit/537.36 (KHTML, like Gecko) Chrome/120.0.0.0 Safari/537.36"
15.235.131.153 - - [30/Dec/2025:17:30:51 +0700] "GET /ISAPI/Security/capabilities HTTP/1.1" 404 118 "-" "Mozilla/5.0 (Windows NT 10.0; Win64; x64) AppleWebKit/537.36"
193.142.147.209 - - [30/Dec/2025:17:38:30 +0700] "POST / HTTP/1.1" 405 150 "-" "Mozilla/5.0 (Windows NT 10.0; Win64; x64) AppleWebKit/537.36"
45.84.222.130 - - [30/Dec/2025:17:51:37 +0700] "GET /dana-na/ HTTP/1.1" 404 118 "-" "Go-http-client/1.1"
45.84.222.130 - - [30/Dec/2025:17:51:38 +0700] "GET /api/v1/configuration HTTP/1.1" 403 118 "-" "Go-http-client/1.1"
45.84.222.130 - - [30/Dec/2025:17:51:41 +0700] "GET /HNAP1/ HTTP/1.1" 404 118 "http://1.55.150.243/HNAP1/" "Go-http-client/1.1"
45.84.222.130 - - [30/Dec/2025:17:51:42 +0700] "GET /cgi-bin/supervisor/Factory.cgi HTTP/1.1" 404 118 "http://1.55.150.243/cgi-bin/supervisor/Factory.cgi" "Go-http-client/1.1"
45.84.222.130 - - [30/Dec/2025:17:51:43 +0700] "GET /cgi-bin/supervisor/CloudSetup.cgi HTTP/1.1" 404 118 "http://1.55.150.243/cgi-bin/supervisor/CloudSetup.cgi" "Go-http-client/1.1"
45.84.222.130 - - [30/Dec/2025:17:51:44 +0700] "GET /cgi-bin/nobody/Machine.cgi HTTP/1.1" 404 118 "http://1.55.150.243/cgi-bin/nobody/Machine.cgi" "Go-http-client/1.1"
45.84.222.130 - - [30/Dec/2025:17:51:45 +0700] "GET /device.rsp?opt=user&cmd=list HTTP/1.1" 404 118 "http://1.55.150.243/device.rsp?opt=user&cmd=list" "Go-http-client/1.1"
45.84.222.130 - - [30/Dec/2025:17:51:46 +0700] "GET /device.rsp?opt=sys&cmd=___S_O_S_T_R_E_A_MAX___ HTTP/1.1" 404 118 "http://1.55.150.243/device.rsp?opt=sys&cmd=___S_O_S_T_R_E_A_MAX___" "Go-http-client/1.1"
45.84.222.130 - - [30/Dec/2025:17:51:47 +0700] "GET / HTTP/1.1" 200 1568 "http://1.55.150.243:80/" "Go-http-client/1.1"
45.84.222.130 - - [30/Dec/2025:17:51:48 +0700] "GET /GponForm/diag_Form?images/ HTTP/1.1" 404 118 "http://1.55.150.243:80/GponForm/diag_Form?images/" "Go-http-client/1.1"
45.84.222.130 - - [30/Dec/2025:17:52:03 +0700] "GET /setup.cgi HTTP/1.1" 404 118 "http://1.55.150.243/setup.cgi" "Go-http-client/1.1"
185.205.211.24 - - [30/Dec/2025:17:56:57 +0700] "GET /.git/config HTTP/1.1" 403 180 "-" "Mozilla/5.0 (X11; Linux x86_64) AppleWebKit/537.36 (KHTML, like Gecko) Chrome/81.0.4044.129 Safari/537.36"
45.84.222.130 - - [30/Dec/2025:18:08:25 +0700] "GET /dana-na/ HTTP/1.1" 404 118 "-" "Go-http-client/1.1"
45.84.222.130 - - [30/Dec/2025:18:08:25 +0700] "GET /api/v1/configuration HTTP/1.1" 403 118 "-" "Go-http-client/1.1"
45.84.222.130 - - [30/Dec/2025:18:08:29 +0700] "GET /HNAP1/ HTTP/1.1" 404 118 "http://1.55.150.243/HNAP1/" "Go-http-client/1.1"
45.84.222.130 - - [30/Dec/2025:18:08:30 +0700] "GET /cgi-bin/supervisor/Factory.cgi HTTP/1.1" 404 118 "http://1.55.150.243/cgi-bin/supervisor/Factory.cgi" "Go-http-client/1.1"
45.84.222.130 - - [30/Dec/2025:18:08:31 +0700] "GET /cgi-bin/supervisor/CloudSetup.cgi HTTP/1.1" 404 118 "http://1.55.150.243/cgi-bin/supervisor/CloudSetup.cgi" "Go-http-client/1.1"
45.84.222.130 - - [30/Dec/2025:18:08:32 +0700] "GET /cgi-bin/nobody/Machine.cgi HTTP/1.1" 404 118 "http://1.55.150.243/cgi-bin/nobody/Machine.cgi" "Go-http-client/1.1"
45.84.222.130 - - [30/Dec/2025:18:08:33 +0700] "GET /device.rsp?opt=user&cmd=list HTTP/1.1" 404 118 "http://1.55.150.243/device.rsp?opt=user&cmd=list" "Go-http-client/1.1"
45.84.222.130 - - [30/Dec/2025:18:08:34 +0700] "GET /device.rsp?opt=sys&cmd=___S_O_S_T_R_E_A_MAX___ HTTP/1.1" 404 118 "http://1.55.150.243/device.rsp?opt=sys&cmd=___S_O_S_T_R_E_A_MAX___" "Go-http-client/1.1"
45.84.222.130 - - [30/Dec/2025:18:08:35 +0700] "GET / HTTP/1.1" 200 1568 "http://1.55.150.243:80/" "Go-http-client/1.1"
45.84.222.130 - - [30/Dec/2025:18:08:36 +0700] "GET /GponForm/diag_Form?images/ HTTP/1.1" 404 118 "http://1.55.150.243:80/GponForm/diag_Form?images/" "Go-http-client/1.1"
45.84.222.130 - - [30/Dec/2025:18:08:50 +0700] "GET /setup.cgi HTTP/1.1" 404 118 "http://1.55.150.243/setup.cgi" "Go-http-client/1.1"
45.84.222.130 - - [30/Dec/2025:18:13:50 +0700] "GET /dana-na/ HTTP/1.1" 404 118 "-" "Go-http-client/1.1"
45.84.222.130 - - [30/Dec/2025:18:13:50 +0700] "GET /api/v1/configuration HTTP/1.1" 403 118 "-" "Go-http-client/1.1"
45.84.222.130 - - [30/Dec/2025:18:13:53 +0700] "GET /HNAP1/ HTTP/1.1" 404 118 "http://1.55.150.243/HNAP1/" "Go-http-client/1.1"
45.84.222.130 - - [30/Dec/2025:18:13:55 +0700] "GET /cgi-bin/supervisor/Factory.cgi HTTP/1.1" 404 118 "http://1.55.150.243/cgi-bin/supervisor/Factory.cgi" "Go-http-client/1.1"
45.84.222.130 - - [30/Dec/2025:18:13:56 +0700] "GET /cgi-bin/supervisor/CloudSetup.cgi HTTP/1.1" 404 118 "http://1.55.150.243/cgi-bin/supervisor/CloudSetup.cgi" "Go-http-client/1.1"
45.84.222.130 - - [30/Dec/2025:18:13:57 +0700] "GET /cgi-bin/nobody/Machine.cgi HTTP/1.1" 404 118 "http://1.55.150.243/cgi-bin/nobody/Machine.cgi" "Go-http-client/1.1"
45.84.222.130 - - [30/Dec/2025:18:13:58 +0700] "GET /device.rsp?opt=user&cmd=list HTTP/1.1" 404 118 "http://1.55.150.243/device.rsp?opt=user&cmd=list" "Go-http-client/1.1"
45.84.222.130 - - [30/Dec/2025:18:13:59 +0700] "GET /device.rsp?opt=sys&cmd=___S_O_S_T_R_E_A_MAX___ HTTP/1.1" 404 118 "http://1.55.150.243/device.rsp?opt=sys&cmd=___S_O_S_T_R_E_A_MAX___" "Go-http-client/1.1"
45.84.222.130 - - [30/Dec/2025:18:14:00 +0700] "GET / HTTP/1.1" 200 1568 "http://1.55.150.243:80/" "Go-http-client/1.1"
45.84.222.130 - - [30/Dec/2025:18:14:01 +0700] "GET /GponForm/diag_Form?images/ HTTP/1.1" 404 118 "http://1.55.150.243:80/GponForm/diag_Form?images/" "Go-http-client/1.1"
45.84.222.130 - - [30/Dec/2025:18:14:15 +0700] "GET /setup.cgi HTTP/1.1" 404 118 "http://1.55.150.243/setup.cgi" "Go-http-client/1.1"
69.12.83.216 - - [30/Dec/2025:18:20:32 +0700] "GET / HTTP/1.1" 200 1568 "-" "Mozilla/5.0 (Windows NT 10.0; Win64; x64) AppleWebKit/537.36 (KHTML, like Gecko) Chrome/138.0.0.0 Safari/537.36 Edg/138.0.0.0"
69.12.83.216 - - [30/Dec/2025:18:20:32 +0700] "GET /favicon.ico HTTP/1.1" 200 29633 "-" "Mozilla/5.0 (Windows NT 10.0; Win64; x64) AppleWebKit/537.36 (KHTML, like Gecko) Chrome/138.0.0.0 Safari/537.36 Edg/138.0.0.0"
193.142.147.209 - - [30/Dec/2025:18:48:00 +0700] "GET / HTTP/1.1" 200 1568 "http://1.55.150.243:80" "Mozilla/5.0 (Windows NT 10.0; Win64; x64) AppleWebKit/537.36"
89.42.231.179 - - [30/Dec/2025:18:49:23 +0700] "GET /cgi-bin/luci/;stok=/locale HTTP/1.1" 404 146 "http://1.55.150.243:80/cgi-bin/luci/;stok=/locale" "-"
89.42.231.179 - - [30/Dec/2025:18:59:12 +0700] "GET /cgi-bin/luci/;stok=/locale HTTP/1.1" 404 146 "-" "-"
54.221.130.220 - - [30/Dec/2025:19:01:24 +0700] "GET /favicon.ico HTTP/1.1" 200 29633 "-" "Mozilla/5.0 (Windows NT 10.0; Win64; x64) AppleWebKit/537.36 (KHTML, like Gecko) Chrome/136.0.0.0 Safari/537.36"
44.211.124.103 - - [30/Dec/2025:19:01:39 +0700] "GET /robots.txt HTTP/1.1" 200 146 "-" "Mozilla/5.0 (Windows NT 10.0; Win64; x64) AppleWebKit/537.36 (KHTML, like Gecko) Chrome/136.0.0.0 Safari/537.36"
195.178.110.246 - - [30/Dec/2025:19:05:49 +0700] "GET /.git/credentials HTTP/1.1" 403 180 "-" "Mozilla/5.0 (Linux; Android 7.0; Redmi Note 4 Build/NRD90M) AppleWebKit/537.36 (KHTML, like Gecko) Chrome/67.0.3396.87 Mobile Safari/537.36"
45.84.222.130 - - [30/Dec/2025:19:13:11 +0700] "GET /dana-na/ HTTP/1.1" 404 118 "-" "Go-http-client/1.1"
45.84.222.130 - - [30/Dec/2025:19:13:11 +0700] "GET /api/v1/configuration HTTP/1.1" 403 118 "-" "Go-http-client/1.1"
45.84.222.130 - - [30/Dec/2025:19:13:15 +0700] "GET /HNAP1/ HTTP/1.1" 404 118 "http://1.55.150.243/HNAP1/" "Go-http-client/1.1"
45.84.222.130 - - [30/Dec/2025:19:13:16 +0700] "GET /cgi-bin/supervisor/Factory.cgi HTTP/1.1" 404 118 "http://1.55.150.243/cgi-bin/supervisor/Factory.cgi" "Go-http-client/1.1"
45.84.222.130 - - [30/Dec/2025:19:13:17 +0700] "GET /cgi-bin/supervisor/CloudSetup.cgi HTTP/1.1" 404 118 "http://1.55.150.243/cgi-bin/supervisor/CloudSetup.cgi" "Go-http-client/1.1"
45.84.222.130 - - [30/Dec/2025:19:13:18 +0700] "GET /cgi-bin/nobody/Machine.cgi HTTP/1.1" 404 118 "http://1.55.150.243/cgi-bin/nobody/Machine.cgi" "Go-http-client/1.1"
45.84.222.130 - - [30/Dec/2025:19:13:19 +0700] "GET /device.rsp?opt=user&cmd=list HTTP/1.1" 404 118 "http://1.55.150.243/device.rsp?opt=user&cmd=list" "Go-http-client/1.1"
45.84.222.130 - - [30/Dec/2025:19:13:20 +0700] "GET /device.rsp?opt=sys&cmd=___S_O_S_T_R_E_A_MAX___ HTTP/1.1" 404 118 "http://1.55.150.243/device.rsp?opt=sys&cmd=___S_O_S_T_R_E_A_MAX___" "Go-http-client/1.1"
45.84.222.130 - - [30/Dec/2025:19:13:21 +0700] "GET / HTTP/1.1" 200 1568 "http://1.55.150.243:80/" "Go-http-client/1.1"
45.84.222.130 - - [30/Dec/2025:19:13:22 +0700] "GET /GponForm/diag_Form?images/ HTTP/1.1" 404 118 "http://1.55.150.243:80/GponForm/diag_Form?images/" "Go-http-client/1.1"
45.84.222.130 - - [30/Dec/2025:19:13:36 +0700] "GET /setup.cgi HTTP/1.1" 404 118 "http://1.55.150.243/setup.cgi" "Go-http-client/1.1"
5.149.130.174 - - [30/Dec/2025:20:06:20 +0700] "GET / HTTP/1.1" 200 1568 "-" "Mozilla/5.0 (Windows NT 10.0; Win64; x64; rv:121.0) Gecko/20100101 Firefox/121.0"
5.149.130.174 - - [30/Dec/2025:20:06:20 +0700] "POST / HTTP/1.1" 405 552 "-" "Mozilla/5.0 (Macintosh; Intel Mac OS X 10_15_7) AppleWebKit/537.36 (KHTML, like Gecko) Chrome/120.0.0.0 Safari/537.36"
91.224.92.14 - - [30/Dec/2025:20:09:40 +0700] "GET /goform/formJsonAjaxReq HTTP/1.1" 404 146 "http://1.55.150.243:80/home.asp" "Go-http-client/1.1"
89.42.231.179 - - [30/Dec/2025:20:12:12 +0700] "GET /cgi-bin/luci/;stok=/locale HTTP/1.1" 404 146 "http://1.55.150.243:80/cgi-bin/luci/;stok=/locale" "-"
172.203.234.251 - - [30/Dec/2025:20:28:43 +0700] "GET /ecp/Current/exporttool/microsoft.exchange.ediscovery.exporttool.application HTTP/1.1" 404 118 "-" "Mozilla/5.0 zgrab/0.x"
91.232.238.106 - - [30/Dec/2025:20:35:45 +0700] "GET /robots.txt HTTP/1.0" 200 146 "-" "xfa1"
45.84.222.130 - - [30/Dec/2025:21:01:57 +0700] "GET /HNAP1/ HTTP/1.1" 404 118 "http://1.55.150.243/HNAP1/" "Go-http-client/1.1"
45.84.222.130 - - [30/Dec/2025:21:01:59 +0700] "GET /cgi-bin/supervisor/Factory.cgi HTTP/1.1" 404 118 "http://1.55.150.243/cgi-bin/supervisor/Factory.cgi" "Go-http-client/1.1"
45.84.222.130 - - [30/Dec/2025:21:02:00 +0700] "GET /cgi-bin/supervisor/CloudSetup.cgi HTTP/1.1" 404 118 "http://1.55.150.243/cgi-bin/supervisor/CloudSetup.cgi" "Go-http-client/1.1"
45.84.222.130 - - [30/Dec/2025:21:02:01 +0700] "GET /cgi-bin/nobody/Machine.cgi HTTP/1.1" 404 118 "http://1.55.150.243/cgi-bin/nobody/Machine.cgi" "Go-http-client/1.1"
45.84.222.130 - - [30/Dec/2025:21:02:02 +0700] "GET /device.rsp?opt=user&cmd=list HTTP/1.1" 404 118 "http://1.55.150.243/device.rsp?opt=user&cmd=list" "Go-http-client/1.1"
45.84.222.130 - - [30/Dec/2025:21:02:03 +0700] "GET /device.rsp?opt=sys&cmd=___S_O_S_T_R_E_A_MAX___ HTTP/1.1" 404 118 "http://1.55.150.243/device.rsp?opt=sys&cmd=___S_O_S_T_R_E_A_MAX___" "Go-http-client/1.1"
45.84.222.130 - - [30/Dec/2025:21:02:05 +0700] "GET / HTTP/1.1" 200 1568 "http://1.55.150.243:80/" "Go-http-client/1.1"
45.84.222.130 - - [30/Dec/2025:21:02:06 +0700] "GET /GponForm/diag_Form?images/ HTTP/1.1" 404 118 "http://1.55.150.243:80/GponForm/diag_Form?images/" "Go-http-client/1.1"
45.84.222.130 - - [30/Dec/2025:21:02:13 +0700] "GET / HTTP/1.1" 200 1568 "-" "Go-http-client/1.1"
45.84.222.130 - - [30/Dec/2025:21:02:15 +0700] "GET /vpn/list_base_config.php HTTP/1.1" 404 118 "http://1.55.150.243/vpn/list_base_config.php" "Go-http-client/1.1"
45.84.222.130 - - [30/Dec/2025:21:02:15 +0700] "GET / HTTP/1.1" 200 1568 "http://1.55.150.243" "Go-http-client/1.1"
45.84.222.130 - - [30/Dec/2025:21:02:22 +0700] "GET /setup.cgi HTTP/1.1" 404 118 "http://1.55.150.243/setup.cgi" "Go-http-client/1.1"
20.12.240.164 - - [30/Dec/2025:21:11:36 +0700] "GET / HTTP/1.1" 200 1568 "-" "Mozilla/5.0 zgrab/0.x"
20.12.240.164 - - [30/Dec/2025:21:11:37 +0700] "MGLNDD_1.55.150.243_443" 400 150 "-" "-"
193.142.147.209 - - [30/Dec/2025:21:27:58 +0700] "POST / HTTP/1.1" 405 150 "-" "Mozilla/5.0 (Windows NT 10.0; Win64; x64) AppleWebKit/537.36"
89.42.231.179 - - [30/Dec/2025:21:35:24 +0700] "GET /cgi-bin/luci/;stok=/locale HTTP/1.1" 404 146 "http://1.55.150.243:80/cgi-bin/luci/;stok=/locale" "-"
45.84.222.130 - - [30/Dec/2025:21:44:17 +0700] "GET /HNAP1/ HTTP/1.1" 404 118 "http://1.55.150.243/HNAP1/" "Go-http-client/1.1"
45.84.222.130 - - [30/Dec/2025:21:44:19 +0700] "GET /cgi-bin/supervisor/Factory.cgi HTTP/1.1" 404 118 "http://1.55.150.243/cgi-bin/supervisor/Factory.cgi" "Go-http-client/1.1"
45.84.222.130 - - [30/Dec/2025:21:44:20 +0700] "GET /cgi-bin/supervisor/CloudSetup.cgi HTTP/1.1" 404 118 "http://1.55.150.243/cgi-bin/supervisor/CloudSetup.cgi" "Go-http-client/1.1"
45.84.222.130 - - [30/Dec/2025:21:44:21 +0700] "GET /cgi-bin/nobody/Machine.cgi HTTP/1.1" 404 118 "http://1.55.150.243/cgi-bin/nobody/Machine.cgi" "Go-http-client/1.1"
45.84.222.130 - - [30/Dec/2025:21:44:22 +0700] "GET /device.rsp?opt=user&cmd=list HTTP/1.1" 404 118 "http://1.55.150.243/device.rsp?opt=user&cmd=list" "Go-http-client/1.1"
45.84.222.130 - - [30/Dec/2025:21:44:23 +0700] "GET /device.rsp?opt=sys&cmd=___S_O_S_T_R_E_A_MAX___ HTTP/1.1" 404 118 "http://1.55.150.243/device.rsp?opt=sys&cmd=___S_O_S_T_R_E_A_MAX___" "Go-http-client/1.1"
45.84.222.130 - - [30/Dec/2025:21:44:24 +0700] "GET / HTTP/1.1" 200 1568 "http://1.55.150.243:80/" "Go-http-client/1.1"
45.84.222.130 - - [30/Dec/2025:21:44:25 +0700] "GET /GponForm/diag_Form?images/ HTTP/1.1" 404 118 "http://1.55.150.243:80/GponForm/diag_Form?images/" "Go-http-client/1.1"
45.84.222.130 - - [30/Dec/2025:21:44:33 +0700] "GET / HTTP/1.1" 200 1568 "-" "Go-http-client/1.1"
45.84.222.130 - - [30/Dec/2025:21:44:34 +0700] "GET /vpn/list_base_config.php HTTP/1.1" 404 118 "http://1.55.150.243/vpn/list_base_config.php" "Go-http-client/1.1"
45.84.222.130 - - [30/Dec/2025:21:44:35 +0700] "GET / HTTP/1.1" 200 1568 "http://1.55.150.243" "Go-http-client/1.1"
45.84.222.130 - - [30/Dec/2025:21:44:42 +0700] "GET /setup.cgi HTTP/1.1" 404 118 "http://1.55.150.243/setup.cgi" "Go-http-client/1.1"
213.209.159.158 - - [30/Dec/2025:21:49:57 +0700] "POST / HTTP/1.1" 405 150 "-" "Mozilla/5.0 (X11; Linux x86_64; rv:145.0) Gecko/20100101 Firefox/145.0"
213.209.159.158 - - [30/Dec/2025:21:49:59 +0700] "POST /_next HTTP/1.1" 404 146 "-" "Mozilla/5.0 (X11; Linux x86_64; rv:145.0) Gecko/20100101 Firefox/145.0"
213.209.159.158 - - [30/Dec/2025:21:50:00 +0700] "POST /_next/flight HTTP/1.1" 404 146 "-" "Mozilla/5.0 (X11; Linux x86_64; rv:145.0) Gecko/20100101 Firefox/145.0"
213.209.159.158 - - [30/Dec/2025:21:50:02 +0700] "POST /app HTTP/1.1" 404 146 "-" "Mozilla/5.0 (X11; Linux x86_64; rv:145.0) Gecko/20100101 Firefox/145.0"
213.209.159.158 - - [30/Dec/2025:21:50:03 +0700] "POST /api HTTP/1.1" 404 146 "-" "Mozilla/5.0 (X11; Linux x86_64; rv:145.0) Gecko/20100101 Firefox/145.0"
213.209.159.158 - - [30/Dec/2025:21:50:05 +0700] "POST /api/login HTTP/1.1" 404 146 "-" "Mozilla/5.0 (X11; Linux x86_64; rv:145.0) Gecko/20100101 Firefox/145.0"
213.209.159.158 - - [30/Dec/2025:21:50:06 +0700] "POST /api/health HTTP/1.1" 404 146 "-" "Mozilla/5.0 (X11; Linux x86_64; rv:145.0) Gecko/20100101 Firefox/145.0"
213.209.159.158 - - [30/Dec/2025:21:50:08 +0700] "POST /api/route HTTP/1.1" 404 146 "-" "Mozilla/5.0 (X11; Linux x86_64; rv:145.0) Gecko/20100101 Firefox/145.0"
213.209.159.158 - - [30/Dec/2025:21:50:09 +0700] "POST /_next/server HTTP/1.1" 404 146 "-" "Mozilla/5.0 (X11; Linux x86_64; rv:145.0) Gecko/20100101 Firefox/145.0"
213.209.159.158 - - [30/Dec/2025:21:50:11 +0700] "POST /_next/static HTTP/1.1" 404 146 "-" "Mozilla/5.0 (X11; Linux x86_64; rv:145.0) Gecko/20100101 Firefox/145.0"
213.209.159.158 - - [30/Dec/2025:21:50:12 +0700] "POST /_next/data HTTP/1.1" 404 146 "-" "Mozilla/5.0 (X11; Linux x86_64; rv:145.0) Gecko/20100101 Firefox/145.0"
213.209.159.158 - - [30/Dec/2025:21:50:13 +0700] "POST /_next/refresh HTTP/1.1" 404 146 "-" "Mozilla/5.0 (X11; Linux x86_64; rv:145.0) Gecko/20100101 Firefox/145.0"
213.209.159.158 - - [30/Dec/2025:21:50:15 +0700] "POST /_next/redirect HTTP/1.1" 404 146 "-" "Mozilla/5.0 (X11; Linux x86_64; rv:145.0) Gecko/20100101 Firefox/145.0"
213.209.159.158 - - [30/Dec/2025:21:50:16 +0700] "POST /_next/turbopack/flight HTTP/1.1" 404 146 "-" "Mozilla/5.0 (X11; Linux x86_64; rv:145.0) Gecko/20100101 Firefox/145.0"
213.209.159.158 - - [30/Dec/2025:21:50:18 +0700] "POST /_next/webpack-hmr HTTP/1.1" 404 146 "-" "Mozilla/5.0 (X11; Linux x86_64; rv:145.0) Gecko/20100101 Firefox/145.0"
213.209.159.158 - - [30/Dec/2025:21:50:19 +0700] "POST /_next/server-actions HTTP/1.1" 404 146 "-" "Mozilla/5.0 (X11; Linux x86_64; rv:145.0) Gecko/20100101 Firefox/145.0"
213.209.159.158 - - [30/Dec/2025:21:50:21 +0700] "POST /_next/api HTTP/1.1" 404 146 "-" "Mozilla/5.0 (X11; Linux x86_64; rv:145.0) Gecko/20100101 Firefox/145.0"
213.209.159.158 - - [30/Dec/2025:21:50:22 +0700] "POST /_next/app HTTP/1.1" 404 146 "-" "Mozilla/5.0 (X11; Linux x86_64; rv:145.0) Gecko/20100101 Firefox/145.0"
213.209.159.158 - - [30/Dec/2025:21:50:23 +0700] "POST /_next/files HTTP/1.1" 404 146 "-" "Mozilla/5.0 (X11; Linux x86_64; rv:145.0) Gecko/20100101 Firefox/145.0"
213.209.159.158 - - [30/Dec/2025:21:50:25 +0700] "POST /_next/image HTTP/1.1" 404 146 "-" "Mozilla/5.0 (X11; Linux x86_64; rv:145.0) Gecko/20100101 Firefox/145.0"
213.209.159.158 - - [30/Dec/2025:21:50:26 +0700] "POST /_react HTTP/1.1" 404 146 "-" "Mozilla/5.0 (X11; Linux x86_64; rv:145.0) Gecko/20100101 Firefox/145.0"
213.209.159.158 - - [30/Dec/2025:21:50:28 +0700] "POST /_react/flight HTTP/1.1" 404 146 "-" "Mozilla/5.0 (X11; Linux x86_64; rv:145.0) Gecko/20100101 Firefox/145.0"
213.209.159.158 - - [30/Dec/2025:21:50:29 +0700] "POST /_next/static/chunks/app/_app HTTP/1.1" 404 146 "-" "Mozilla/5.0 (X11; Linux x86_64; rv:145.0) Gecko/20100101 Firefox/145.0"
213.209.159.158 - - [30/Dec/2025:21:50:30 +0700] "POST /_next/static/chunks/app/_error HTTP/1.1" 404 146 "-" "Mozilla/5.0 (X11; Linux x86_64; rv:145.0) Gecko/20100101 Firefox/145.0"
213.209.159.158 - - [30/Dec/2025:21:50:32 +0700] "POST /_next/static/chunks/app/_document HTTP/1.1" 404 146 "-" "Mozilla/5.0 (X11; Linux x86_64; rv:145.0) Gecko/20100101 Firefox/145.0"
213.209.159.158 - - [30/Dec/2025:21:50:35 +0700] "POST /_next-live/feedback HTTP/1.1" 404 146 "-" "Mozilla/5.0 (X11; Linux x86_64; rv:145.0) Gecko/20100101 Firefox/145.0"
213.209.159.158 - - [30/Dec/2025:21:50:36 +0700] "POST /_next-website/images HTTP/1.1" 404 146 "-" "Mozilla/5.0 (X11; Linux x86_64; rv:145.0) Gecko/20100101 Firefox/145.0"
213.209.159.158 - - [30/Dec/2025:21:50:38 +0700] "POST /_next/static/media HTTP/1.1" 404 146 "-" "Mozilla/5.0 (X11; Linux x86_64; rv:145.0) Gecko/20100101 Firefox/145.0"
213.209.159.158 - - [30/Dec/2025:21:50:39 +0700] "POST /_next/data/build HTTP/1.1" 404 146 "-" "Mozilla/5.0 (X11; Linux x86_64; rv:145.0) Gecko/20100101 Firefox/145.0"
213.209.159.158 - - [30/Dec/2025:21:50:41 +0700] "POST /_next/data/build/en HTTP/1.1" 404 146 "-" "Mozilla/5.0 (X11; Linux x86_64; rv:145.0) Gecko/20100101 Firefox/145.0"
213.209.159.158 - - [30/Dec/2025:21:50:42 +0700] "POST /_next/data/production HTTP/1.1" 404 146 "-" "Mozilla/5.0 (X11; Linux x86_64; rv:145.0) Gecko/20100101 Firefox/145.0"
213.209.159.158 - - [30/Dec/2025:21:50:44 +0700] "POST /_next/data/production/forms HTTP/1.1" 404 146 "-" "Mozilla/5.0 (X11; Linux x86_64; rv:145.0) Gecko/20100101 Firefox/145.0"
45.84.222.130 - - [30/Dec/2025:21:50:45 +0700] "GET /HNAP1/ HTTP/1.1" 404 118 "http://1.55.150.243/HNAP1/" "Go-http-client/1.1"
213.209.159.158 - - [30/Dec/2025:21:50:45 +0700] "POST /_next/static/chunks HTTP/1.1" 404 146 "-" "Mozilla/5.0 (X11; Linux x86_64; rv:145.0) Gecko/20100101 Firefox/145.0"
213.209.159.158 - - [30/Dec/2025:21:50:47 +0700] "POST /_next/static-chunks HTTP/1.1" 404 146 "-" "Mozilla/5.0 (X11; Linux x86_64; rv:145.0) Gecko/20100101 Firefox/145.0"
45.84.222.130 - - [30/Dec/2025:21:50:48 +0700] "GET /cgi-bin/supervisor/Factory.cgi HTTP/1.1" 404 118 "http://1.55.150.243/cgi-bin/supervisor/Factory.cgi" "Go-http-client/1.1"
213.209.159.158 - - [30/Dec/2025:21:50:48 +0700] "POST /_next/static/assets HTTP/1.1" 404 146 "-" "Mozilla/5.0 (X11; Linux x86_64; rv:145.0) Gecko/20100101 Firefox/145.0"
45.84.222.130 - - [30/Dec/2025:21:50:48 +0700] "GET /cgi-bin/supervisor/CloudSetup.cgi HTTP/1.1" 404 118 "http://1.55.150.243/cgi-bin/supervisor/CloudSetup.cgi" "Go-http-client/1.1"
45.84.222.130 - - [30/Dec/2025:21:50:49 +0700] "GET /cgi-bin/nobody/Machine.cgi HTTP/1.1" 404 118 "http://1.55.150.243/cgi-bin/nobody/Machine.cgi" "Go-http-client/1.1"
213.209.159.158 - - [30/Dec/2025:21:50:50 +0700] "POST /_next/static/assets/fonts HTTP/1.1" 404 146 "-" "Mozilla/5.0 (X11; Linux x86_64; rv:145.0) Gecko/20100101 Firefox/145.0"
45.84.222.130 - - [30/Dec/2025:21:50:51 +0700] "GET /device.rsp?opt=user&cmd=list HTTP/1.1" 404 118 "http://1.55.150.243/device.rsp?opt=user&cmd=list" "Go-http-client/1.1"
213.209.159.158 - - [30/Dec/2025:21:50:51 +0700] "POST /_next/static/assets/icons HTTP/1.1" 404 146 "-" "Mozilla/5.0 (X11; Linux x86_64; rv:145.0) Gecko/20100101 Firefox/145.0"
45.84.222.130 - - [30/Dec/2025:21:50:52 +0700] "GET /device.rsp?opt=sys&cmd=___S_O_S_T_R_E_A_MAX___ HTTP/1.1" 404 118 "http://1.55.150.243/device.rsp?opt=sys&cmd=___S_O_S_T_R_E_A_MAX___" "Go-http-client/1.1"
45.84.222.130 - - [30/Dec/2025:21:50:53 +0700] "GET / HTTP/1.1" 200 1568 "http://1.55.150.243:80/" "Go-http-client/1.1"
213.209.159.158 - - [30/Dec/2025:21:50:53 +0700] "POST /_next/static/assets/images HTTP/1.1" 404 146 "-" "Mozilla/5.0 (X11; Linux x86_64; rv:145.0) Gecko/20100101 Firefox/145.0"
45.84.222.130 - - [30/Dec/2025:21:50:54 +0700] "GET /GponForm/diag_Form?images/ HTTP/1.1" 404 118 "http://1.55.150.243:80/GponForm/diag_Form?images/" "Go-http-client/1.1"
213.209.159.158 - - [30/Dec/2025:21:50:55 +0700] "POST /_next/static/build HTTP/1.1" 404 146 "-" "Mozilla/5.0 (X11; Linux x86_64; rv:145.0) Gecko/20100101 Firefox/145.0"
213.209.159.158 - - [30/Dec/2025:21:50:57 +0700] "POST /_next/static/commons HTTP/1.1" 404 146 "-" "Mozilla/5.0 (X11; Linux x86_64; rv:145.0) Gecko/20100101 Firefox/145.0"
213.209.159.158 - - [30/Dec/2025:21:50:59 +0700] "POST /_next/static/css HTTP/1.1" 404 146 "-" "Mozilla/5.0 (X11; Linux x86_64; rv:145.0) Gecko/20100101 Firefox/145.0"
213.209.159.158 - - [30/Dec/2025:21:51:00 +0700] "POST /_next/static/css/app HTTP/1.1" 404 146 "-" "Mozilla/5.0 (X11; Linux x86_64; rv:145.0) Gecko/20100101 Firefox/145.0"
45.84.222.130 - - [30/Dec/2025:21:51:01 +0700] "GET / HTTP/1.1" 200 1568 "-" "Go-http-client/1.1"
213.209.159.158 - - [30/Dec/2025:21:51:03 +0700] "POST /_next/static/css/pages HTTP/1.1" 404 146 "-" "Mozilla/5.0 (X11; Linux x86_64; rv:145.0) Gecko/20100101 Firefox/145.0"
45.84.222.130 - - [30/Dec/2025:21:51:03 +0700] "GET /vpn/list_base_config.php HTTP/1.1" 404 118 "http://1.55.150.243/vpn/list_base_config.php" "Go-http-client/1.1"
45.84.222.130 - - [30/Dec/2025:21:51:03 +0700] "GET / HTTP/1.1" 200 1568 "http://1.55.150.243" "Go-http-client/1.1"
213.209.159.158 - - [30/Dec/2025:21:51:05 +0700] "POST /_next/static/development HTTP/1.1" 404 146 "-" "Mozilla/5.0 (X11; Linux x86_64; rv:145.0) Gecko/20100101 Firefox/145.0"
213.209.159.158 - - [30/Dec/2025:21:51:07 +0700] "POST /_next/static/development/pages HTTP/1.1" 404 146 "-" "Mozilla/5.0 (X11; Linux x86_64; rv:145.0) Gecko/20100101 Firefox/145.0"
213.209.159.158 - - [30/Dec/2025:21:51:09 +0700] "POST /_next/static/example HTTP/1.1" 404 146 "-" "Mozilla/5.0 (X11; Linux x86_64; rv:145.0) Gecko/20100101 Firefox/145.0"
213.209.159.158 - - [30/Dec/2025:21:51:10 +0700] "POST /_next/static/files HTTP/1.1" 404 146 "-" "Mozilla/5.0 (X11; Linux x86_64; rv:145.0) Gecko/20100101 Firefox/145.0"
45.84.222.130 - - [30/Dec/2025:21:51:11 +0700] "GET /setup.cgi HTTP/1.1" 404 118 "http://1.55.150.243/setup.cgi" "Go-http-client/1.1"
213.209.159.158 - - [30/Dec/2025:21:51:12 +0700] "POST /_next/static/filles HTTP/1.1" 404 146 "-" "Mozilla/5.0 (X11; Linux x86_64; rv:145.0) Gecko/20100101 Firefox/145.0"
213.209.159.158 - - [30/Dec/2025:21:51:14 +0700] "POST /_next/static/fonts HTTP/1.1" 404 146 "-" "Mozilla/5.0 (X11; Linux x86_64; rv:145.0) Gecko/20100101 Firefox/145.0"
213.209.159.158 - - [30/Dec/2025:21:51:15 +0700] "POST /_next/static/icon-section HTTP/1.1" 404 146 "-" "Mozilla/5.0 (X11; Linux x86_64; rv:145.0) Gecko/20100101 Firefox/145.0"
213.209.159.158 - - [30/Dec/2025:21:51:17 +0700] "POST /_next/static/icons HTTP/1.1" 404 146 "-" "Mozilla/5.0 (X11; Linux x86_64; rv:145.0) Gecko/20100101 Firefox/145.0"
213.209.159.158 - - [30/Dec/2025:21:51:18 +0700] "POST /_next/static/image/assets HTTP/1.1" 404 146 "-" "Mozilla/5.0 (X11; Linux x86_64; rv:145.0) Gecko/20100101 Firefox/145.0"
213.209.159.158 - - [30/Dec/2025:21:51:20 +0700] "POST /_next/static/image/public HTTP/1.1" 404 146 "-" "Mozilla/5.0 (X11; Linux x86_64; rv:145.0) Gecko/20100101 Firefox/145.0"
213.209.159.158 - - [30/Dec/2025:21:51:21 +0700] "POST /_next/static/image/public/images HTTP/1.1" 404 146 "-" "Mozilla/5.0 (X11; Linux x86_64; rv:145.0) Gecko/20100101 Firefox/145.0"
213.209.159.158 - - [30/Dec/2025:21:51:23 +0700] "POST /_next/static/image/public/v2/images HTTP/1.1" 404 146 "-" "Mozilla/5.0 (X11; Linux x86_64; rv:145.0) Gecko/20100101 Firefox/145.0"
213.209.159.158 - - [30/Dec/2025:21:51:24 +0700] "POST /_next/static/image/src/images/home HTTP/1.1" 404 146 "-" "Mozilla/5.0 (X11; Linux x86_64; rv:145.0) Gecko/20100101 Firefox/145.0"
213.209.159.158 - - [30/Dec/2025:21:51:26 +0700] "POST /_next/static/images HTTP/1.1" 404 146 "-" "Mozilla/5.0 (X11; Linux x86_64; rv:145.0) Gecko/20100101 Firefox/145.0"
213.209.159.158 - - [30/Dec/2025:21:51:27 +0700] "POST /_next/static/images/icons HTTP/1.1" 404 146 "-" "Mozilla/5.0 (X11; Linux x86_64; rv:145.0) Gecko/20100101 Firefox/145.0"
213.209.159.158 - - [30/Dec/2025:21:51:29 +0700] "POST /_next/static/images/icons/filter HTTP/1.1" 404 146 "-" "Mozilla/5.0 (X11; Linux x86_64; rv:145.0) Gecko/20100101 Firefox/145.0"
213.209.159.158 - - [30/Dec/2025:21:51:31 +0700] "POST /_next/static/images/icons/payment HTTP/1.1" 404 146 "-" "Mozilla/5.0 (X11; Linux x86_64; rv:145.0) Gecko/20100101 Firefox/145.0"
213.209.159.158 - - [30/Dec/2025:21:51:33 +0700] "POST /_next/static/images/illustrations HTTP/1.1" 404 146 "-" "Mozilla/5.0 (X11; Linux x86_64; rv:145.0) Gecko/20100101 Firefox/145.0"
213.209.159.158 - - [30/Dec/2025:21:51:34 +0700] "POST /_next/static/img HTTP/1.1" 404 146 "-" "Mozilla/5.0 (X11; Linux x86_64; rv:145.0) Gecko/20100101 Firefox/145.0"
213.209.159.158 - - [30/Dec/2025:21:51:36 +0700] "POST /_next/static/js HTTP/1.1" 404 146 "-" "Mozilla/5.0 (X11; Linux x86_64; rv:145.0) Gecko/20100101 Firefox/145.0"
213.209.159.158 - - [30/Dec/2025:21:51:38 +0700] "POST /_next/static/js/app HTTP/1.1" 404 146 "-" "Mozilla/5.0 (X11; Linux x86_64; rv:145.0) Gecko/20100101 Firefox/145.0"
213.209.159.158 - - [30/Dec/2025:21:51:40 +0700] "POST /_next/static/js/pages HTTP/1.1" 404 146 "-" "Mozilla/5.0 (X11; Linux x86_64; rv:145.0) Gecko/20100101 Firefox/145.0"
213.209.159.158 - - [30/Dec/2025:21:51:42 +0700] "POST /_next/static/media/fonts HTTP/1.1" 404 146 "-" "Mozilla/5.0 (X11; Linux x86_64; rv:145.0) Gecko/20100101 Firefox/145.0"
213.209.159.158 - - [30/Dec/2025:21:51:44 +0700] "POST /_next/static/media/metadata HTTP/1.1" 404 146 "-" "Mozilla/5.0 (X11; Linux x86_64; rv:145.0) Gecko/20100101 Firefox/145.0"
213.209.159.158 - - [30/Dec/2025:21:51:46 +0700] "POST /_next/static/mediasoft-build HTTP/1.1" 404 146 "-" "Mozilla/5.0 (X11; Linux x86_64; rv:145.0) Gecko/20100101 Firefox/145.0"
213.209.159.158 - - [30/Dec/2025:21:51:47 +0700] "POST /_next/static/pages HTTP/1.1" 404 146 "-" "Mozilla/5.0 (X11; Linux x86_64; rv:145.0) Gecko/20100101 Firefox/145.0"
213.209.159.158 - - [30/Dec/2025:21:51:49 +0700] "POST /_next/static/production HTTP/1.1" 404 146 "-" "Mozilla/5.0 (X11; Linux x86_64; rv:145.0) Gecko/20100101 Firefox/145.0"
213.209.159.158 - - [30/Dec/2025:21:51:50 +0700] "POST /_next/static/public HTTP/1.1" 404 146 "-" "Mozilla/5.0 (X11; Linux x86_64; rv:145.0) Gecko/20100101 Firefox/145.0"
213.209.159.158 - - [30/Dec/2025:21:51:52 +0700] "POST /_next/static/public/images HTTP/1.1" 404 146 "-" "Mozilla/5.0 (X11; Linux x86_64; rv:145.0) Gecko/20100101 Firefox/145.0"
213.209.159.158 - - [30/Dec/2025:21:51:53 +0700] "POST /_next/static/public/static/images HTTP/1.1" 404 146 "-" "Mozilla/5.0 (X11; Linux x86_64; rv:145.0) Gecko/20100101 Firefox/145.0"
213.209.159.158 - - [30/Dec/2025:21:51:55 +0700] "POST /_next/static/runtime HTTP/1.1" 404 146 "-" "Mozilla/5.0 (X11; Linux x86_64; rv:145.0) Gecko/20100101 Firefox/145.0"
213.209.159.158 - - [30/Dec/2025:21:51:56 +0700] "POST /_next/static/sentry HTTP/1.1" 404 146 "-" "Mozilla/5.0 (X11; Linux x86_64; rv:145.0) Gecko/20100101 Firefox/145.0"
213.209.159.158 - - [30/Dec/2025:21:51:58 +0700] "POST /_next/static/sounds HTTP/1.1" 404 146 "-" "Mozilla/5.0 (X11; Linux x86_64; rv:145.0) Gecko/20100101 Firefox/145.0"
213.209.159.158 - - [30/Dec/2025:21:51:59 +0700] "POST /_next/static/svg HTTP/1.1" 404 146 "-" "Mozilla/5.0 (X11; Linux x86_64; rv:145.0) Gecko/20100101 Firefox/145.0"
213.209.159.158 - - [30/Dec/2025:21:52:01 +0700] "POST /_next/static/svgs HTTP/1.1" 404 146 "-" "Mozilla/5.0 (X11; Linux x86_64; rv:145.0) Gecko/20100101 Firefox/145.0"
137.184.166.236 - - [30/Dec/2025:21:57:29 +0700] "SSTP_DUPLEX_POST /sra_{BA195980-CD49-458b-9E23-C84EE0ADCD75}/ HTTP/1.1" 400 150 "-" "-"
111.48.134.87 - - [30/Dec/2025:22:08:39 +0700] "GET / HTTP/1.1" 200 3722 "http://1.55.150.243:80" "Mozilla/4.0 (compatible; MSIE 9.0; Windows NT 6.1)"
193.142.147.209 - - [30/Dec/2025:22:20:33 +0700] "GET / HTTP/1.1" 200 1568 "http://1.55.150.243:80" "Mozilla/5.0 (Windows NT 10.0; Win64; x64) AppleWebKit/537.36"
81.19.140.51 - - [30/Dec/2025:22:24:35 +0700] "GET / HTTP/1.1" 200 1568 "http://1.55.150.243/" "Mozilla/5.0 (Windows NT 10.0; Win64; x64) AppleWebKit/537.36 (KHTML, like Gecko) Edge/120.0.0.0 Safari/537.36"
178.128.253.198 - - [30/Dec/2025:22:26:17 +0700] "GET /ab2g HTTP/1.1" 404 118 "-" "Mozilla/5.0 zgrab/0.x"
178.128.253.198 - - [30/Dec/2025:22:26:18 +0700] "GET /ab2h HTTP/1.1" 404 118 "-" "Mozilla/5.0 zgrab/0.x"
178.128.253.198 - - [30/Dec/2025:22:26:19 +0700] "GET /alive.php HTTP/1.1" 404 181 "-" "Mozilla/5.0 (Windows NT 10.0; Win64; x64) AppleWebKit/537.36 (KHTML, like Gecko) Chrome/108.0.0.0 Safari/537.36"
178.128.253.198 - - [30/Dec/2025:22:26:23 +0700] "GET / HTTP/1.1" 400 650 "-" "Mozilla/5.0 (Windows NT 10.0; Win64; x64) AppleWebKit/537.36 (KHTML, like Gecko) Chrome/108.0.0.0 Safari/537.36"
178.128.253.198 - - [30/Dec/2025:22:26:24 +0700] "GET / HTTP/1.1" 200 1568 "-" "Mozilla/5.0 (Windows NT 10.0; Win64; x64) AppleWebKit/537.36 (KHTML, like Gecko) Chrome/108.0.0.0 Safari/537.36"
178.128.253.198 - - [30/Dec/2025:22:26:25 +0700] "GET /t4 HTTP/1.1" 400 248 "-" "Mozilla/5.0"
178.128.253.198 - - [30/Dec/2025:22:26:25 +0700] "GET /favicon.ico HTTP/1.1" 400 650 "-" "Mozilla/5.0 (Windows NT 10.0; Win64; x64) AppleWebKit/537.36 (KHTML, like Gecko) Chrome/108.0.0.0 Safari/537.36"
178.128.253.198 - - [30/Dec/2025:22:26:26 +0700] "GET / HTTP/1.1" 200 1568 "-" "Mozilla/4.0 (compatible; MSIE 9.0; Windows NT 10.0; .NET4.0C; .NET4.0E; .NET CLR 2.0.50727; .NET CLR 3.0.30729; .NET CLR 3.5.30729)"
178.128.253.198 - - [30/Dec/2025:22:26:27 +0700] "GET /teorema505?t=1 HTTP/1.1" 404 181 "-" "Mozilla/5.0 (Windows NT 10.0; Win64; x64) AppleWebKit/537.36 (KHTML, like Gecko) Chrome/108.0.0.0 Safari/537.36"
91.224.92.121 - - [30/Dec/2025:22:35:06 +0700] "OPTIONS / HTTP/1.1" 405 552 "-" "Mozilla/5.0 (Windows NT 10.0; Win64; x64) AppleWebKit/537.36 (KHTML, like Gecko) Chrome/114.0.5735.199 Safari/537.36"
170.64.197.46 - - [30/Dec/2025:22:38:45 +0700] "GET /.git/config HTTP/1.1" 403 180 "-" "Mozilla/5.0 (X11; Linux x86_64) AppleWebKit/537.36 (KHTML, like Gecko) Chrome/81.0.4044.129 Safari/537.36"
45.84.222.130 - - [30/Dec/2025:22:46:53 +0700] "GET /HNAP1/ HTTP/1.1" 404 118 "http://1.55.150.243/HNAP1/" "Go-http-client/1.1"
45.84.222.130 - - [30/Dec/2025:22:46:55 +0700] "GET /cgi-bin/supervisor/Factory.cgi HTTP/1.1" 404 118 "http://1.55.150.243/cgi-bin/supervisor/Factory.cgi" "Go-http-client/1.1"
45.84.222.130 - - [30/Dec/2025:22:46:56 +0700] "GET /cgi-bin/supervisor/CloudSetup.cgi HTTP/1.1" 404 118 "http://1.55.150.243/cgi-bin/supervisor/CloudSetup.cgi" "Go-http-client/1.1"
45.84.222.130 - - [30/Dec/2025:22:46:57 +0700] "GET /cgi-bin/nobody/Machine.cgi HTTP/1.1" 404 118 "http://1.55.150.243/cgi-bin/nobody/Machine.cgi" "Go-http-client/1.1"
45.84.222.130 - - [30/Dec/2025:22:46:58 +0700] "GET /device.rsp?opt=user&cmd=list HTTP/1.1" 404 118 "http://1.55.150.243/device.rsp?opt=user&cmd=list" "Go-http-client/1.1"
45.84.222.130 - - [30/Dec/2025:22:46:59 +0700] "GET /device.rsp?opt=sys&cmd=___S_O_S_T_R_E_A_MAX___ HTTP/1.1" 404 118 "http://1.55.150.243/device.rsp?opt=sys&cmd=___S_O_S_T_R_E_A_MAX___" "Go-http-client/1.1"
45.84.222.130 - - [30/Dec/2025:22:47:00 +0700] "GET / HTTP/1.1" 200 1568 "http://1.55.150.243:80/" "Go-http-client/1.1"
45.84.222.130 - - [30/Dec/2025:22:47:01 +0700] "GET /GponForm/diag_Form?images/ HTTP/1.1" 404 118 "http://1.55.150.243:80/GponForm/diag_Form?images/" "Go-http-client/1.1"
45.84.222.130 - - [30/Dec/2025:22:47:09 +0700] "GET / HTTP/1.1" 200 1568 "-" "Go-http-client/1.1"
45.84.222.130 - - [30/Dec/2025:22:47:10 +0700] "GET /vpn/list_base_config.php HTTP/1.1" 404 118 "http://1.55.150.243/vpn/list_base_config.php" "Go-http-client/1.1"
45.84.222.130 - - [30/Dec/2025:22:47:11 +0700] "GET / HTTP/1.1" 200 1568 "http://1.55.150.243" "Go-http-client/1.1"
45.84.222.130 - - [30/Dec/2025:22:47:18 +0700] "GET /setup.cgi HTTP/1.1" 404 118 "http://1.55.150.243/setup.cgi" "Go-http-client/1.1"
195.178.110.246 - - [30/Dec/2025:22:47:55 +0700] "GET /.env HTTP/1.1" 403 180 "-" "Mozilla/5.0 (Windows NT 6.1) AppleWebKit/537.36 (KHTML, like Gecko) Chrome/76.0.3809.89 YaBrowser/19.9.1.64 (beta) Yowser/2.5 Safari/537.36"
195.178.110.25 - - [30/Dec/2025:22:52:22 +0700] "GET /dispatch.asp HTTP/1.1" 404 181 "-" "Mozilla/5.0 (Windows NT 10.0; Win64; x64) AppleWebKit/537.36 (KHTML, like Gecko) Chrome/90.0.4430.85 Safari/537.36 Edg/90.0.818.46"
89.42.231.179 - - [30/Dec/2025:22:58:05 +0700] "GET /cgi-bin/luci/;stok=/locale HTTP/1.1" 404 146 "http://1.55.150.243:80/cgi-bin/luci/;stok=/locale" "-"
40.124.117.126 - - [30/Dec/2025:23:12:57 +0700] "GET /login HTTP/1.1" 404 118 "-" "Mozilla/5.0 zgrab/0.x"
165.232.129.254 - - [30/Dec/2025:23:14:01 +0700] "\x00\x0E8\xC0CL+\x97\xE4E\x96\x00\x00\x00\x00\x00" 400 150 "-" "-"
8.222.225.103 - - [30/Dec/2025:23:17:11 +0700] "POST /cgi-bin/.%2e/.%2e/.%2e/.%2e/.%2e/.%2e/.%2e/.%2e/.%2e/.%2e/bin/sh HTTP/1.1" 400 150 "-" "-"
8.222.225.103 - - [30/Dec/2025:23:17:13 +0700] "POST /cgi-bin/%%32%65%%32%65/%%32%65%%32%65/%%32%65%%32%65/%%32%65%%32%65/%%32%65%%32%65/%%32%65%%32%65/%%32%65%%32%65/bin/sh HTTP/1.1" 400 150 "-" "-"
91.224.92.14 - - [30/Dec/2025:23:20:50 +0700] "GET /goform/formJsonAjaxReq HTTP/1.1" 404 146 "http://1.55.150.243:80/home.asp" "Go-http-client/1.1"
91.224.92.14 - - [30/Dec/2025:23:49:44 +0700] "GET /goform/formJsonAjaxReq HTTP/1.1" 404 146 "http://1.55.150.243:80/home.asp" "Go-http-client/1.1"
